\BOOKMARK [0][-]{section*.1}{\376\377\000E\000l\000e\000n\000c\000o\000\040\000d\000e\000l\000l\000e\000\040\000f\000i\000g\000u\000r\000e}{}% 1
\BOOKMARK [0][-]{section*.1}{\376\377\000E\000l\000e\000n\000c\000o\000\040\000d\000e\000l\000l\000e\000\040\000t\000a\000b\000e\000l\000l\000e}{}% 2
\BOOKMARK [0][-]{section*.1}{\376\377\000E\000l\000e\000n\000c\000o\000\040\000d\000e\000i\000\040\000l\000i\000s\000t\000a\000t\000i}{}% 3
\BOOKMARK [0][-]{chapter.1}{\376\377\000I\000n\000t\000r\000o\000d\000u\000z\000i\000o\000n\000e}{}% 4
\BOOKMARK [1][-]{section.1.1}{\376\377\000M\000o\000t\000i\000v\000a\000z\000i\000o\000n\000i\000\040\000e\000\040\000c\000o\000n\000t\000e\000s\000t\000o}{chapter.1}% 5
\BOOKMARK [1][-]{section.1.2}{\376\377\000O\000b\000i\000e\000t\000t\000i\000v\000i\000\040\000d\000e\000l\000\040\000p\000r\000o\000g\000e\000t\000t\000o}{chapter.1}% 6
\BOOKMARK [1][-]{section.1.3}{\376\377\000C\000o\000n\000t\000r\000i\000b\000u\000t\000i\000\040\000p\000r\000o\000g\000e\000t\000t\000u\000a\000l\000i\000\040\000e\000\040\000i\000n\000g\000e\000g\000n\000e\000r\000i\000s\000t\000i\000c\000i}{chapter.1}% 7
\BOOKMARK [1][-]{section.1.4}{\376\377\000S\000t\000r\000u\000t\000t\000u\000r\000a\000\040\000d\000e\000l\000\040\000d\000o\000c\000u\000m\000e\000n\000t\000o}{chapter.1}% 8
\BOOKMARK [0][-]{chapter.2}{\376\377\000C\000o\000n\000t\000e\000s\000t\000o\000\040\000e\000\040\000a\000n\000a\000l\000i\000s\000i\000\040\000d\000e\000l\000\040\000s\000i\000s\000t\000e\000m\000a}{}% 9
\BOOKMARK [1][-]{section.2.1}{\376\377\000I\000l\000\040\000p\000r\000o\000b\000l\000e\000m\000a\000:\000\040\000f\000r\000a\000m\000m\000e\000n\000t\000a\000z\000i\000o\000n\000e\000\040\000e\000\040\000i\000n\000e\000f\000f\000i\000c\000i\000e\000n\000z\000a\000\040\000n\000e\000l\000l\000a\000\040\000g\000e\000s\000t\000i\000o\000n\000e\000\040\000d\000e\000i\000\040\000c\000o\000n\000t\000e\000s\000t}{chapter.2}% 10
\BOOKMARK [1][-]{section.2.2}{\376\377\000S\000t\000a\000t\000o\000\040\000d\000e\000l\000l\040\031\000a\000r\000t\000e\000\040\000e\000\040\000a\000n\000a\000l\000i\000s\000i\000\040\000d\000e\000l\000l\000e\000\040\000a\000l\000t\000e\000r\000n\000a\000t\000i\000v\000e}{chapter.2}% 11
\BOOKMARK [2][-]{subsection.2.2.1}{\376\377\000S\000t\000r\000u\000m\000e\000n\000t\000i\000\040\000g\000e\000n\000e\000r\000i\000c\000i\000\040\000a\000d\000a\000t\000t\000a\000t\000i\000:\000\040\000l\000o\000\040\000`\000`\000S\000t\000a\000t\000u\000s\000\040\000Q\000u\000o\000'\000'}{section.2.2}% 12
\BOOKMARK [2][-]{subsection.2.2.2}{\376\377\000P\000i\000a\000t\000t\000a\000f\000o\000r\000m\000e\000\040\000p\000e\000r\000\040\000d\000o\000m\000i\000n\000i\000\040\000c\000o\000r\000r\000e\000l\000a\000t\000i}{section.2.2}% 13
\BOOKMARK [2][-]{subsection.2.2.3}{\376\377\000P\000o\000s\000i\000z\000i\000o\000n\000a\000m\000e\000n\000t\000o\000\040\000d\000i\000\040\000S\000w\000i\000f\000t\000\040\000C\000o\000n\000t\000e\000s\000t}{section.2.2}% 14
\BOOKMARK [1][-]{section.2.3}{\376\377\000A\000t\000t\000o\000r\000i\000\040\000e\000\040\000c\000a\000s\000i\000\040\000d\040\031\000u\000s\000o}{chapter.2}% 15
\BOOKMARK [2][-]{subsection.2.3.1}{\376\377\000A\000t\000t\000o\000r\000i\000\040\000d\000e\000l\000\040\000s\000i\000s\000t\000e\000m\000a}{section.2.3}% 16
\BOOKMARK [2][-]{subsection.2.3.2}{\376\377\000C\000a\000s\000i\000\040\000d\000'\000U\000s\000o\000:\000\040\000g\000e\000s\000t\000i\000o\000n\000e\000\040\000a\000c\000c\000o\000u\000n\000t\000\040\000e\000\040\000f\000u\000n\000z\000i\000o\000n\000a\000l\000i\000t\000\340\000\040\000g\000e\000n\000e\000r\000a\000l\000i}{section.2.3}% 17
\BOOKMARK [2][-]{subsection.2.3.3}{\376\377\000C\000a\000s\000i\000\040\000d\000'\000U\000s\000o\000:\000\040\000g\000e\000s\000t\000i\000o\000n\000e\000\040\000d\000e\000l\000\040\000c\000i\000c\000l\000o\000\040\000d\000i\000\040\000v\000i\000t\000a\000\040\000d\000e\000l\000\040\000c\000o\000n\000t\000e\000s\000t}{section.2.3}% 18
\BOOKMARK [2][-]{subsection.2.3.4}{\376\377\000C\000a\000s\000i\000\040\000d\000'\000U\000s\000o\000:\000\040\000g\000e\000s\000t\000i\000o\000n\000e\000\040\000d\000e\000l\000l\000e\000\040\000v\000o\000t\000a\000z\000i\000o\000n\000i\000\040\000e\000\040\000d\000e\000i\000\040\000r\000i\000s\000u\000l\000t\000a\000t\000i}{section.2.3}% 19
\BOOKMARK [2][-]{subsection.2.3.5}{\376\377\000C\000a\000s\000i\000\040\000d\000'\000U\000s\000o\000:\000\040\000a\000m\000m\000i\000n\000i\000s\000t\000r\000a\000z\000i\000o\000n\000e\000\040\000d\000e\000l\000\040\000s\000i\000s\000t\000e\000m\000a}{section.2.3}% 20
\BOOKMARK [1][-]{section.2.4}{\376\377\000R\000e\000q\000u\000i\000s\000i\000t\000i\000\040\000d\000e\000l\000\040\000s\000i\000s\000t\000e\000m\000a}{chapter.2}% 21
\BOOKMARK [2][-]{subsection.2.4.1}{\376\377\000R\000e\000q\000u\000i\000s\000i\000t\000i\000\040\000f\000u\000n\000z\000i\000o\000n\000a\000l\000i\000\040\000\050\000F\000u\000n\000c\000t\000i\000o\000n\000a\000l\000i\000t\000y\000\051}{section.2.4}% 22
\BOOKMARK [2][-]{subsection.2.4.2}{\376\377\000R\000e\000q\000u\000i\000s\000i\000t\000i\000\040\000n\000o\000n\000\040\000f\000u\000n\000z\000i\000o\000n\000a\000l\000i}{section.2.4}% 23
\BOOKMARK [1][-]{section.2.5}{\376\377\000M\000o\000d\000e\000l\000l\000o\000\040\000d\000e\000l\000\040\000d\000o\000m\000i\000n\000i\000o}{chapter.2}% 24
\BOOKMARK [2][-]{subsection.2.5.1}{\376\377\000E\000n\000t\000i\000t\000\340\000\040\000f\000o\000n\000d\000a\000m\000e\000n\000t\000a\000l\000i}{section.2.5}% 25
\BOOKMARK [2][-]{subsection.2.5.2}{\376\377\000V\000i\000n\000c\000o\000l\000i\000\040\000c\000h\000i\000a\000v\000e\000\040\000d\000e\000l\000\040\000d\000o\000m\000i\000n\000i\000o}{section.2.5}% 26
\BOOKMARK [0][-]{chapter.3}{\376\377\000T\000e\000c\000n\000o\000l\000o\000g\000i\000e\000\040\000e\000\040\000s\000t\000r\000u\000m\000e\000n\000t\000i\000\040\000u\000t\000i\000l\000i\000z\000z\000a\000t\000i}{}% 27
\BOOKMARK [1][-]{section.3.1}{\376\377\000F\000r\000a\000m\000e\000w\000o\000r\000k\000,\000\040\000p\000i\000a\000t\000t\000a\000f\000o\000r\000m\000e\000\040\000e\000\040\000l\000i\000n\000g\000u\000a\000g\000g\000i}{chapter.3}% 28
\BOOKMARK [2][-]{subsection.3.1.1}{\376\377\000F\000r\000a\000m\000e\000w\000o\000r\000k\000\040\000F\000r\000o\000n\000t\000e\000n\000d}{section.3.1}% 29
\BOOKMARK [2][-]{subsection.3.1.2}{\376\377\000F\000r\000a\000m\000e\000w\000o\000r\000k\000\040\000e\000\040\000p\000i\000a\000t\000t\000a\000f\000o\000r\000m\000e\000\040\000B\000a\000c\000k\000e\000n\000d}{section.3.1}% 30
\BOOKMARK [2][-]{subsection.3.1.3}{\376\377\000L\000i\000n\000g\000u\000a\000g\000g\000i\000\040\000d\000i\000\040\000p\000r\000o\000g\000r\000a\000m\000m\000a\000z\000i\000o\000n\000e}{section.3.1}% 31
\BOOKMARK [1][-]{section.3.2}{\376\377\000S\000t\000r\000u\000m\000e\000n\000t\000i\000,\000\040\000s\000e\000r\000v\000i\000z\000i\000\040\000e\000\040\000p\000i\000a\000t\000t\000a\000f\000o\000r\000m\000e\000\040\000d\000i\000\040\000s\000u\000p\000p\000o\000r\000t\000o}{chapter.3}% 32
\BOOKMARK [2][-]{subsection.3.2.1}{\376\377\000P\000i\000a\000t\000t\000a\000f\000o\000r\000m\000e\000\040\000d\000i\000\040\000d\000i\000s\000t\000r\000i\000b\000u\000z\000i\000o\000n\000e\000\040\000e\000\040\000s\000e\000r\000v\000i\000z\000i\000\040\000C\000l\000o\000u\000d}{section.3.2}% 33
\BOOKMARK [2][-]{subsection.3.2.2}{\376\377\000S\000t\000r\000u\000m\000e\000n\000t\000i\000\040\000d\000i\000\040\000s\000v\000i\000l\000u\000p\000p\000o\000\040\000e\000\040\000a\000m\000m\000i\000n\000i\000s\000t\000r\000a\000z\000i\000o\000n\000e}{section.3.2}% 34
\BOOKMARK [2][-]{subsection.3.2.3}{\376\377\000V\000e\000r\000s\000i\000o\000n\000\040\000C\000o\000n\000t\000r\000o\000l\000\040\000e\000\040\000C\000o\000d\000e\000\040\000H\000o\000s\000t\000i\000n\000g}{section.3.2}% 35
\BOOKMARK [2][-]{subsection.3.2.4}{\376\377\000S\000t\000r\000u\000m\000e\000n\000t\000i\000\040\000d\000i\000\040\000d\000o\000c\000u\000m\000e\000n\000t\000a\000z\000i\000o\000n\000e\000\040\000e\000\040\000m\000o\000d\000e\000l\000l\000a\000z\000i\000o\000n\000e}{section.3.2}% 36
\BOOKMARK [0][-]{chapter.4}{\376\377\000P\000r\000o\000g\000e\000t\000t\000a\000z\000i\000o\000n\000e\000\040\000e\000\040\000i\000m\000p\000l\000e\000m\000e\000n\000t\000a\000z\000i\000o\000n\000e\000\040\000d\000e\000l\000\040\000s\000i\000s\000t\000e\000m\000a}{}% 37
\BOOKMARK [1][-]{section.4.1}{\376\377\000L\000i\000n\000e\000e\000\040\000g\000u\000i\000d\000a\000\040\000p\000r\000o\000g\000e\000t\000t\000u\000a\000l\000i}{chapter.4}% 38
\BOOKMARK [1][-]{section.4.2}{\376\377\000A\000r\000c\000h\000i\000t\000e\000t\000t\000u\000r\000a\000\040\000d\000e\000l\000\040\000f\000r\000o\000n\000t\000e\000n\000d\000:\000\040\000i\000l\000\040\000p\000a\000t\000t\000e\000r\000n\000\040\000M\000V\000V\000M\000\040\000c\000o\000n\000\040\000B\000L\000o\000C}{chapter.4}% 39
\BOOKMARK [2][-]{subsection.4.2.1}{\376\377\000I\000m\000p\000l\000e\000m\000e\000n\000t\000a\000z\000i\000o\000n\000e\000\040\000d\000e\000l\000\040\000V\000i\000e\000w\000M\000o\000d\000e\000l\000:\000\040\000i\000l\000\040\000p\000a\000t\000t\000e\000r\000n\000\040\000B\000L\000o\000C}{section.4.2}% 40
\BOOKMARK [2][-]{subsection.4.2.2}{\376\377\000N\000a\000v\000i\000g\000a\000z\000i\000o\000n\000e\000\040\000c\000o\000n\000\040\000A\000u\000t\000o\000R\000o\000u\000t\000e}{section.4.2}% 41
\BOOKMARK [2][-]{subsection.4.2.3}{\376\377\000S\000t\000r\000a\000t\000e\000g\000i\000a\000\040\000d\000i\000\040\000n\000a\000v\000i\000g\000a\000z\000i\000o\000n\000e\000\040\000e\000\040\000p\000a\000s\000s\000a\000g\000g\000i\000o\000\040\000d\000e\000i\000\040\000d\000a\000t\000i}{section.4.2}% 42
\BOOKMARK [2][-]{subsection.4.2.4}{\376\377\000D\000e\000s\000i\000g\000n\000\040\000s\000y\000s\000t\000e\000m\000\040\000e\000\040\000t\000h\000e\000m\000i\000n\000g}{section.4.2}% 43
\BOOKMARK [1][-]{section.4.3}{\376\377\000P\000r\000o\000g\000e\000t\000t\000a\000z\000i\000o\000n\000e\000\040\000d\000e\000l\000\040\000d\000a\000t\000a\000b\000a\000s\000e}{chapter.4}% 44
\BOOKMARK [2][-]{subsection.4.3.1}{\376\377\000S\000c\000h\000e\000m\000a\000\040\000f\000i\000s\000i\000c\000o\000\040\000e\000\040\000t\000a\000b\000e\000l\000l\000e\000\040\000p\000r\000i\000n\000c\000i\000p\000a\000l\000i}{section.4.3}% 45
\BOOKMARK [2][-]{subsection.4.3.2}{\376\377\000S\000c\000e\000l\000t\000e\000\040\000d\000i\000\040\000d\000e\000s\000i\000g\000n\000\040\000c\000h\000i\000a\000v\000e}{section.4.3}% 46
\BOOKMARK [2][-]{subsection.4.3.3}{\376\377\000I\000m\000p\000l\000i\000c\000a\000z\000i\000o\000n\000i\000\040\000d\000e\000l\000\040\000d\000e\000s\000i\000g\000n\000\040\000d\000e\000l\000\040\000f\000o\000r\000m\000\040\000d\000i\000\040\000v\000o\000t\000o\000\040\000s\000u\000l\000l\000'\000a\000g\000g\000r\000e\000g\000a\000z\000i\000o\000n\000e\000\040\000d\000e\000i\000\040\000r\000i\000s\000u\000l\000t\000a\000t\000i}{section.4.3}% 47
\BOOKMARK [1][-]{section.4.4}{\376\377\000A\000r\000c\000h\000i\000t\000e\000t\000t\000u\000r\000a\000\040\000d\000e\000l\000\040\000b\000a\000c\000k\000e\000n\000d}{chapter.4}% 48
\BOOKMARK [2][-]{subsection.4.4.1}{\376\377\000F\000u\000n\000z\000i\000o\000n\000i\000\040\000R\000P\000C\000\040\000\050\000R\000e\000m\000o\000t\000e\000\040\000P\000r\000o\000c\000e\000d\000u\000r\000e\000\040\000C\000a\000l\000l\000\051}{section.4.4}% 49
\BOOKMARK [2][-]{subsection.4.4.2}{\376\377\000E\000d\000g\000e\000\040\000F\000u\000n\000c\000t\000i\000o\000n\000s}{section.4.4}% 50
\BOOKMARK [1][-]{section.4.5}{\376\377\000A\000r\000c\000h\000i\000t\000e\000t\000t\000u\000r\000a\000\040\000d\000i\000\040\000s\000i\000c\000u\000r\000e\000z\000z\000a\000:\000\040\000P\000r\000i\000n\000c\000i\000p\000i\000o\000\040\000d\000e\000l\000\040\000M\000i\000n\000i\000m\000o\000\040\000P\000r\000i\000v\000i\000l\000e\000g\000i\000o}{chapter.4}% 51
\BOOKMARK [2][-]{subsection.4.5.1}{\376\377\000S\000t\000r\000a\000t\000e\000g\000i\000a\000\040\000d\000i\000\040\000i\000m\000p\000l\000e\000m\000e\000n\000t\000a\000z\000i\000o\000n\000e\000:\000\040\000c\000e\000n\000t\000r\000a\000l\000i\000z\000z\000a\000z\000i\000o\000n\000e\000\040\000d\000e\000l\000l\000a\000\040\000l\000o\000g\000i\000c\000a\000\040\000d\000i\000\040\000a\000u\000t\000o\000r\000i\000z\000z\000a\000z\000i\000o\000n\000e}{section.4.5}% 52
\BOOKMARK [2][-]{subsection.4.5.2}{\376\377\000I\000l\000\040\000r\000u\000o\000l\000o\000\040\000d\000e\000l\000l\000a\000\040\000R\000L\000S\000\040\000e\000\040\000d\000e\000l\000l\000'\000A\000P\000I\000\040\000c\000o\000m\000e\000\040\000`\000`\000G\000a\000t\000e\000k\000e\000e\000p\000e\000r\000'\000'}{section.4.5}% 53
\BOOKMARK [2][-]{subsection.4.5.3}{\376\377\000L\000'\000e\000c\000c\000e\000z\000i\000o\000n\000e\000\040\000n\000e\000c\000e\000s\000s\000a\000r\000i\000a\000:\000\040\000l\000e\000\040\000p\000o\000l\000i\000c\000y\000\040\000R\000L\000S\000\040\000p\000e\000r\000\040\000i\000l\000\040\000s\000e\000r\000v\000i\000z\000i\000o\000\040\000R\000e\000a\000l\000t\000i\000m\000e}{section.4.5}% 54
\BOOKMARK [2][-]{subsection.4.5.4}{\376\377\000M\000i\000s\000u\000r\000e\000\040\000d\000i\000\040\000s\000i\000c\000u\000r\000e\000z\000z\000a\000\040\000a\000g\000g\000i\000u\000n\000t\000i\000v\000e}{section.4.5}% 55
\BOOKMARK [1][-]{section.4.6}{\376\377\000P\000r\000o\000g\000e\000t\000t\000a\000z\000i\000o\000n\000e\000\040\000e\000\040\000i\000m\000p\000l\000e\000m\000e\000n\000t\000a\000z\000i\000o\000n\000e\000\040\000d\000e\000g\000l\000i\000\040\000s\000t\000r\000u\000m\000e\000n\000t\000i\000\040\000d\000i\000\040\000a\000m\000m\000i\000n\000i\000s\000t\000r\000a\000z\000i\000o\000n\000e}{chapter.4}% 56
\BOOKMARK [2][-]{subsection.4.6.1}{\376\377\000E\000s\000i\000g\000e\000n\000z\000a\000\040\000d\000i\000\040\000u\000n\000\040\000p\000a\000n\000n\000e\000l\000l\000o\000\040\000d\000i\000\040\000a\000m\000m\000i\000n\000i\000s\000t\000r\000a\000z\000i\000o\000n\000e}{section.4.6}% 57
\BOOKMARK [2][-]{subsection.4.6.2}{\376\377\000S\000c\000e\000l\000t\000a\000\040\000d\000i\000\040\000R\000e\000t\000o\000o\000l\000\040\000p\000e\000r\000\040\000l\000o\000\040\000s\000v\000i\000l\000u\000p\000p\000o\000\040\000r\000a\000p\000i\000d\000o}{section.4.6}% 58
\BOOKMARK [2][-]{subsection.4.6.3}{\376\377\000A\000r\000c\000h\000i\000t\000e\000t\000t\000u\000r\000a\000\040\000d\000i\000\040\000c\000o\000m\000u\000n\000i\000c\000a\000z\000i\000o\000n\000e\000\040\000s\000i\000c\000u\000r\000a\000\040\000t\000r\000a\000\040\000R\000e\000t\000o\000o\000l\000\040\000e\000\040\000S\000u\000p\000a\000b\000a\000s\000e}{section.4.6}% 59
\BOOKMARK [2][-]{subsection.4.6.4}{\376\377\000F\000u\000n\000z\000i\000o\000n\000a\000l\000i\000t\000\340\000\040\000i\000m\000p\000l\000e\000m\000e\000n\000t\000a\000t\000e\000\040\000n\000e\000l\000\040\000p\000a\000n\000n\000e\000l\000l\000o}{section.4.6}% 60
\BOOKMARK [0][-]{chapter.5}{\376\377\000D\000i\000s\000t\000r\000i\000b\000u\000z\000i\000o\000n\000e\000\040\000e\000\040\000p\000r\000o\000d\000o\000t\000t\000o\000\040\000f\000i\000n\000a\000l\000e}{}% 61
\BOOKMARK [1][-]{section.5.1}{\376\377\000S\000t\000r\000a\000t\000e\000g\000i\000a\000\040\000d\000i\000\040\000d\000i\000s\000t\000r\000i\000b\000u\000z\000i\000o\000n\000e}{chapter.5}% 62
\BOOKMARK [1][-]{section.5.2}{\376\377\000D\000i\000s\000t\000r\000i\000b\000u\000z\000i\000o\000n\000e\000\040\000w\000e\000b\000\040\000s\000u\000\040\000V\000e\000r\000c\000e\000l}{chapter.5}% 63
\BOOKMARK [1][-]{section.5.3}{\376\377\000D\000i\000s\000t\000r\000i\000b\000u\000z\000i\000o\000n\000e\000\040\000A\000n\000d\000r\000o\000i\000d}{chapter.5}% 64
\BOOKMARK [1][-]{section.5.4}{\376\377\000B\000a\000c\000k\000e\000n\000d\000\040\000e\000\040\000S\000u\000p\000a\000b\000a\000s\000e}{chapter.5}% 65
\BOOKMARK [1][-]{section.5.5}{\376\377\000D\000a\000s\000h\000b\000o\000a\000r\000d\000\040\000a\000m\000m\000i\000n\000i\000s\000t\000r\000a\000t\000i\000v\000a\000\040\000\050\000R\000e\000t\000o\000o\000l\000\051}{chapter.5}% 66
\BOOKMARK [1][-]{section.5.6}{\376\377\000P\000r\000o\000d\000o\000t\000t\000o\000\040\000f\000i\000n\000a\000l\000e\000:\000\040\000i\000n\000t\000e\000r\000f\000a\000c\000c\000i\000a\000\040\000u\000t\000e\000n\000t\000e\000\040\000e\000\040\000f\000l\000u\000s\000s\000i\000\040\000o\000p\000e\000r\000a\000t\000i\000v\000i}{chapter.5}% 67
\BOOKMARK [2][-]{subsection.5.6.1}{\376\377\000A\000c\000c\000e\000s\000s\000o\000\040\000e\000\040\000a\000u\000t\000e\000n\000t\000i\000c\000a\000z\000i\000o\000n\000e}{section.5.6}% 68
\BOOKMARK [2][-]{subsection.5.6.2}{\376\377\000G\000e\000s\000t\000i\000o\000n\000e\000\040\000d\000e\000l\000l\000e\000\040\000i\000m\000p\000o\000s\000t\000a\000z\000i\000o\000n\000i}{section.5.6}% 69
\BOOKMARK [2][-]{subsection.5.6.3}{\376\377\000F\000l\000u\000s\000s\000o\000\040\000d\000e\000l\000l\000'\000o\000r\000g\000a\000n\000i\000z\000z\000a\000t\000o\000r\000e}{section.5.6}% 70
\BOOKMARK [2][-]{subsection.5.6.4}{\376\377\000F\000l\000u\000s\000s\000o\000\040\000d\000e\000l\000\040\000p\000a\000r\000t\000e\000c\000i\000p\000a\000n\000t\000e}{section.5.6}% 71
\BOOKMARK [2][-]{subsection.5.6.5}{\376\377\000F\000l\000u\000s\000s\000o\000\040\000d\000e\000l\000\040\000g\000i\000u\000r\000a\000t\000o}{section.5.6}% 72
\BOOKMARK [2][-]{subsection.5.6.6}{\376\377\000F\000l\000u\000s\000s\000o\000\040\000d\000e\000l\000\040\000g\000i\000u\000r\000a\000t\000o\000\040\000s\000e\000m\000p\000l\000i\000c\000e\000\040\000\050\000o\000s\000p\000i\000t\000e\000\051}{section.5.6}% 73
\BOOKMARK [0][-]{chapter.6}{\376\377\000C\000o\000n\000c\000l\000u\000s\000i\000o\000n\000i}{}% 74
\BOOKMARK [1][-]{section.6.1}{\376\377\000S\000i\000n\000t\000e\000s\000i\000\040\000d\000e\000l\000\040\000l\000a\000v\000o\000r\000o\000\040\000s\000v\000o\000l\000t\000o}{chapter.6}% 75
\BOOKMARK [1][-]{section.6.2}{\376\377\000R\000i\000s\000u\000l\000t\000a\000t\000i\000\040\000o\000t\000t\000e\000n\000u\000t\000i}{chapter.6}% 76
\BOOKMARK [1][-]{section.6.3}{\376\377\000C\000o\000n\000o\000s\000c\000e\000n\000z\000e\000\040\000a\000c\000q\000u\000i\000s\000i\000t\000e}{chapter.6}% 77
\BOOKMARK [1][-]{section.6.4}{\376\377\000V\000a\000l\000u\000t\000a\000z\000i\000o\000n\000e\000\040\000p\000e\000r\000s\000o\000n\000a\000l\000e}{chapter.6}% 78
\BOOKMARK [0][-]{section*.64}{\376\377\000G\000l\000o\000s\000s\000a\000r\000i\000o}{}% 79
\BOOKMARK [0][-]{section*.64}{\376\377\000B\000i\000b\000l\000i\000o\000g\000r\000a\000f\000i\000a}{}% 80
\BOOKMARK [0][-]{section*.64}{\376\377\000S\000i\000t\000o\000g\000r\000a\000f\000i\000a}{}% 81
\BOOKMARK [0][-]{section*.64}{\376\377\000D\000i\000s\000c\000l\000a\000i\000m\000e\000r\000\040\000s\000u\000i\000\040\000M\000a\000r\000c\000h\000i\000\040\000R\000e\000g\000i\000s\000t\000r\000a\000t\000i}{}% 82
